// Jest Snapshot v1, https://goo.gl/fbAQLP

exports[`should match the snapshot 1`] = `
ShallowWrapper {
  "length": 1,
  Symbol(enzyme.__root__): [Circular],
  Symbol(enzyme.__unrendered__): <Control
    handleSearch={[Function]}
/>,
  Symbol(enzyme.__renderer__): Object {
    "batchedUpdates": [Function],
    "getNode": [Function],
    "render": [Function],
    "simulateEvent": [Function],
    "unmount": [Function],
  },
  Symbol(enzyme.__node__): Object {
    "instance": null,
    "key": undefined,
    "nodeType": "host",
    "props": Object {
      "children": Array [
        <div
          className="input-cont"
>
          <label
                    htmlFor="search"
          />
          <i
                    aria-hidden="true"
                    className="fa fa-search"
          />
          <input
                    id="search"
                    onChange={[Function]}
                    placeholder="Search by School"
                    type="text"
          />
          <label
                    htmlFor="submit"
          />
          <input
                    id="submit"
                    type="submit"
          />
</div>,
        <h1>
          Education Colorado
</h1>,
      ],
      "className": "Control",
    },
    "ref": null,
    "rendered": Array [
      Object {
        "instance": null,
        "key": undefined,
        "nodeType": "host",
        "props": Object {
          "children": Array [
            <label
              htmlFor="search"
/>,
            <i
              aria-hidden="true"
              className="fa fa-search"
/>,
            <input
              id="search"
              onChange={[Function]}
              placeholder="Search by School"
              type="text"
/>,
            <label
              htmlFor="submit"
/>,
            <input
              id="submit"
              type="submit"
/>,
          ],
          "className": "input-cont",
        },
        "ref": null,
        "rendered": Array [
          Object {
            "instance": null,
            "key": undefined,
            "nodeType": "host",
            "props": Object {
              "htmlFor": "search",
            },
            "ref": null,
            "rendered": null,
            "type": "label",
          },
          Object {
            "instance": null,
            "key": undefined,
            "nodeType": "host",
            "props": Object {
              "aria-hidden": "true",
              "className": "fa fa-search",
            },
            "ref": null,
            "rendered": null,
            "type": "i",
          },
          Object {
            "instance": null,
            "key": undefined,
            "nodeType": "host",
            "props": Object {
              "id": "search",
              "onChange": [Function],
              "placeholder": "Search by School",
              "type": "text",
            },
            "ref": null,
            "rendered": null,
            "type": "input",
          },
          Object {
            "instance": null,
            "key": undefined,
            "nodeType": "host",
            "props": Object {
              "htmlFor": "submit",
            },
            "ref": null,
            "rendered": null,
            "type": "label",
          },
          Object {
            "instance": null,
            "key": undefined,
            "nodeType": "host",
            "props": Object {
              "id": "submit",
              "type": "submit",
            },
            "ref": null,
            "rendered": null,
            "type": "input",
          },
        ],
        "type": "div",
      },
      Object {
        "instance": null,
        "key": undefined,
        "nodeType": "host",
        "props": Object {
          "children": "Education Colorado",
        },
        "ref": null,
        "rendered": "Education Colorado",
        "type": "h1",
      },
    ],
    "type": "div",
  },
  Symbol(enzyme.__nodes__): Array [
    Object {
      "instance": null,
      "key": undefined,
      "nodeType": "host",
      "props": Object {
        "children": Array [
          <div
            className="input-cont"
>
            <label
                        htmlFor="search"
            />
            <i
                        aria-hidden="true"
                        className="fa fa-search"
            />
            <input
                        id="search"
                        onChange={[Function]}
                        placeholder="Search by School"
                        type="text"
            />
            <label
                        htmlFor="submit"
            />
            <input
                        id="submit"
                        type="submit"
            />
</div>,
          <h1>
            Education Colorado
</h1>,
        ],
        "className": "Control",
      },
      "ref": null,
      "rendered": Array [
        Object {
          "instance": null,
          "key": undefined,
          "nodeType": "host",
          "props": Object {
            "children": Array [
              <label
                htmlFor="search"
/>,
              <i
                aria-hidden="true"
                className="fa fa-search"
/>,
              <input
                id="search"
                onChange={[Function]}
                placeholder="Search by School"
                type="text"
/>,
              <label
                htmlFor="submit"
/>,
              <input
                id="submit"
                type="submit"
/>,
            ],
            "className": "input-cont",
          },
          "ref": null,
          "rendered": Array [
            Object {
              "instance": null,
              "key": undefined,
              "nodeType": "host",
              "props": Object {
                "htmlFor": "search",
              },
              "ref": null,
              "rendered": null,
              "type": "label",
            },
            Object {
              "instance": null,
              "key": undefined,
              "nodeType": "host",
              "props": Object {
                "aria-hidden": "true",
                "className": "fa fa-search",
              },
              "ref": null,
              "rendered": null,
              "type": "i",
            },
            Object {
              "instance": null,
              "key": undefined,
              "nodeType": "host",
              "props": Object {
                "id": "search",
                "onChange": [Function],
                "placeholder": "Search by School",
                "type": "text",
              },
              "ref": null,
              "rendered": null,
              "type": "input",
            },
            Object {
              "instance": null,
              "key": undefined,
              "nodeType": "host",
              "props": Object {
                "htmlFor": "submit",
              },
              "ref": null,
              "rendered": null,
              "type": "label",
            },
            Object {
              "instance": null,
              "key": undefined,
              "nodeType": "host",
              "props": Object {
                "id": "submit",
                "type": "submit",
              },
              "ref": null,
              "rendered": null,
              "type": "input",
            },
          ],
          "type": "div",
        },
        Object {
          "instance": null,
          "key": undefined,
          "nodeType": "host",
          "props": Object {
            "children": "Education Colorado",
          },
          "ref": null,
          "rendered": "Education Colorado",
          "type": "h1",
        },
      ],
      "type": "div",
    },
  ],
  Symbol(enzyme.__options__): Object {
    "adapter": ReactSixteenAdapter {
      "options": Object {
        "enableComponentDidUpdateOnSetState": true,
      },
    },
  },
}
`;
