// Jest Snapshot v1, https://goo.gl/fbAQLP

exports[`CardContainer should match the snapshot 1`] = `
ShallowWrapper {
  "length": 1,
  Symbol(enzyme.__root__): [Circular],
  Symbol(enzyme.__unrendered__): <CardContainer
    handleCompareCards={[Function]}
    schoolData={
        Array [
            Object {
              "data": Object {
                "2004": 0.302,
                "2005": 0.267,
                "2006": 0.354,
                "2007": 0.392,
                "2008": 0.385,
                "2009": 0.39,
                "2010": 0.436,
                "2011": 0.489,
                "2012": 0.479,
                "2013": 0.488,
                "2014": 0.49,
              },
              "dataType": "Percent",
              "location": "ACADEMY 20",
            },
          ]
    }
/>,
  Symbol(enzyme.__renderer__): Object {
    "batchedUpdates": [Function],
    "getNode": [Function],
    "render": [Function],
    "simulateEvent": [Function],
    "unmount": [Function],
  },
  Symbol(enzyme.__node__): Object {
    "instance": null,
    "key": undefined,
    "nodeType": "host",
    "props": Object {
      "children": Array [
        Array [
          <a
            href="#"
>
            <Card
                        handleCompareCards={[Function]}
                        schoolData={
                                    Object {
                                                "data": Object {
                                                  "2004": 0.302,
                                                  "2005": 0.267,
                                                  "2006": 0.354,
                                                  "2007": 0.392,
                                                  "2008": 0.385,
                                                  "2009": 0.39,
                                                  "2010": 0.436,
                                                  "2011": 0.489,
                                                  "2012": 0.479,
                                                  "2013": 0.488,
                                                  "2014": 0.49,
                                                },
                                                "dataType": "Percent",
                                                "location": "ACADEMY 20",
                                              }
                        }
                        size="large"
            />
</a>,
        ],
        <div
          className="bottom-images"
>
          <img
                    alt="telescope"
                    className="school-icon"
                    src="astronomy.svg"
          />
</div>,
      ],
      "className": "CardContainer",
    },
    "ref": null,
    "rendered": Array [
      Object {
        "instance": null,
        "key": "0",
        "nodeType": "host",
        "props": Object {
          "children": <Card
            handleCompareCards={[Function]}
            schoolData={
                        Object {
                                    "data": Object {
                                      "2004": 0.302,
                                      "2005": 0.267,
                                      "2006": 0.354,
                                      "2007": 0.392,
                                      "2008": 0.385,
                                      "2009": 0.39,
                                      "2010": 0.436,
                                      "2011": 0.489,
                                      "2012": 0.479,
                                      "2013": 0.488,
                                      "2014": 0.49,
                                    },
                                    "dataType": "Percent",
                                    "location": "ACADEMY 20",
                                  }
            }
            size="large"
/>,
          "href": "#",
        },
        "ref": null,
        "rendered": Object {
          "instance": null,
          "key": undefined,
          "nodeType": "function",
          "props": Object {
            "handleCompareCards": [Function],
            "schoolData": Object {
              "data": Object {
                "2004": 0.302,
                "2005": 0.267,
                "2006": 0.354,
                "2007": 0.392,
                "2008": 0.385,
                "2009": 0.39,
                "2010": 0.436,
                "2011": 0.489,
                "2012": 0.479,
                "2013": 0.488,
                "2014": 0.49,
              },
              "dataType": "Percent",
              "location": "ACADEMY 20",
            },
            "size": "large",
          },
          "ref": null,
          "rendered": null,
          "type": [Function],
        },
        "type": "a",
      },
      Object {
        "instance": null,
        "key": undefined,
        "nodeType": "host",
        "props": Object {
          "children": <img
            alt="telescope"
            className="school-icon"
            src="astronomy.svg"
/>,
          "className": "bottom-images",
        },
        "ref": null,
        "rendered": Object {
          "instance": null,
          "key": undefined,
          "nodeType": "host",
          "props": Object {
            "alt": "telescope",
            "className": "school-icon",
            "src": "astronomy.svg",
          },
          "ref": null,
          "rendered": null,
          "type": "img",
        },
        "type": "div",
      },
    ],
    "type": "section",
  },
  Symbol(enzyme.__nodes__): Array [
    Object {
      "instance": null,
      "key": undefined,
      "nodeType": "host",
      "props": Object {
        "children": Array [
          Array [
            <a
              href="#"
>
              <Card
                            handleCompareCards={[Function]}
                            schoolData={
                                          Object {
                                                        "data": Object {
                                                          "2004": 0.302,
                                                          "2005": 0.267,
                                                          "2006": 0.354,
                                                          "2007": 0.392,
                                                          "2008": 0.385,
                                                          "2009": 0.39,
                                                          "2010": 0.436,
                                                          "2011": 0.489,
                                                          "2012": 0.479,
                                                          "2013": 0.488,
                                                          "2014": 0.49,
                                                        },
                                                        "dataType": "Percent",
                                                        "location": "ACADEMY 20",
                                                      }
                            }
                            size="large"
              />
</a>,
          ],
          <div
            className="bottom-images"
>
            <img
                        alt="telescope"
                        className="school-icon"
                        src="astronomy.svg"
            />
</div>,
        ],
        "className": "CardContainer",
      },
      "ref": null,
      "rendered": Array [
        Object {
          "instance": null,
          "key": "0",
          "nodeType": "host",
          "props": Object {
            "children": <Card
              handleCompareCards={[Function]}
              schoolData={
                            Object {
                                          "data": Object {
                                            "2004": 0.302,
                                            "2005": 0.267,
                                            "2006": 0.354,
                                            "2007": 0.392,
                                            "2008": 0.385,
                                            "2009": 0.39,
                                            "2010": 0.436,
                                            "2011": 0.489,
                                            "2012": 0.479,
                                            "2013": 0.488,
                                            "2014": 0.49,
                                          },
                                          "dataType": "Percent",
                                          "location": "ACADEMY 20",
                                        }
              }
              size="large"
/>,
            "href": "#",
          },
          "ref": null,
          "rendered": Object {
            "instance": null,
            "key": undefined,
            "nodeType": "function",
            "props": Object {
              "handleCompareCards": [Function],
              "schoolData": Object {
                "data": Object {
                  "2004": 0.302,
                  "2005": 0.267,
                  "2006": 0.354,
                  "2007": 0.392,
                  "2008": 0.385,
                  "2009": 0.39,
                  "2010": 0.436,
                  "2011": 0.489,
                  "2012": 0.479,
                  "2013": 0.488,
                  "2014": 0.49,
                },
                "dataType": "Percent",
                "location": "ACADEMY 20",
              },
              "size": "large",
            },
            "ref": null,
            "rendered": null,
            "type": [Function],
          },
          "type": "a",
        },
        Object {
          "instance": null,
          "key": undefined,
          "nodeType": "host",
          "props": Object {
            "children": <img
              alt="telescope"
              className="school-icon"
              src="astronomy.svg"
/>,
            "className": "bottom-images",
          },
          "ref": null,
          "rendered": Object {
            "instance": null,
            "key": undefined,
            "nodeType": "host",
            "props": Object {
              "alt": "telescope",
              "className": "school-icon",
              "src": "astronomy.svg",
            },
            "ref": null,
            "rendered": null,
            "type": "img",
          },
          "type": "div",
        },
      ],
      "type": "section",
    },
  ],
  Symbol(enzyme.__options__): Object {
    "adapter": ReactSixteenAdapter {
      "options": Object {
        "enableComponentDidUpdateOnSetState": true,
      },
    },
  },
}
`;
